Nexo ERP disponible en el puerto 3000
[TipoCambioRD] Próxima consulta: 2026-09-18T07:00:00.000Z (America/Santo_Domingo)
[TipoCambioGT] Próxima consulta: 2026-09-18T09:00:00.000Z (America/Guatemala)
[TipoCambioJM] Próxima consulta: 2026-09-18T08:00:00.000Z (America/Jamaica)
[TipoCambioCO] Próxima consulta: 2026-09-18T08:00:00.000Z (America/Bogota)
[TipoCambioAR] Próxima consulta: 2026-09-18T06:00:00.000Z (America/Argentina/Buenos_Aires)
[TipoCambioNI] Próxima consulta: 2026-09-18T09:00:00.000Z (America/Managua)
[TipoCambioPE] Próxima consulta: 2026-09-18T08:00:00.000Z (America/Lima)
[TipoCambioCR] 2026-09-17 USD/CRC=448.21 guardado desde Banco Central de Costa Rica
[TipoCambioCR] Próxima consulta: 2026-09-18T09:00:00.000Z (America/Costa_Rica)
[TipoCambioPE] Próxima consulta: 2026-09-18T12:00:00.000Z (America/Lima)
[TipoCambioGT] 2026-09-18 USD/GTQ=7.62938 guardado desde Banco de Guatemala
[TipoCambioGT] Próxima consulta: 2026-09-18T13:00:00.000Z (America/Guatemala)
[TipoCambioCO] 2026-09-18 USD/COP=3151.73 guardado desde Superintendencia Financiera de Colombia
[TipoCambioCO] Próxima consulta: 2026-09-18T12:00:00.000Z (America/Bogota)
[TipoCambioNI] 2026-09-18 USD/NIO=36.6243 guardado desde Banco Central de Nicaragua
[TipoCambioNI] Próxima consulta: 2026-09-18T13:00:00.000Z (America/Managua)
[TipoCambioCR] 2026-09-18 USD/CRC=448.32 guardado desde Banco Central de Costa Rica
[TipoCambioCR] Próxima consulta: 2026-09-18T13:00:00.000Z (America/Costa_Rica)
[TipoCambioAR] 2026-09-18 USD/ARS=1535 guardado desde Banco de la Nación Argentina
[TipoCambioAR] Próxima consulta: 2026-09-18T10:00:00.000Z (America/Argentina/Buenos_Aires)
[TipoCambioRD] 2026-09-18 USD/DOP=59.3318 guardado desde Banco Central de la República Dominicana
[TipoCambioRD] Próxima consulta: 2026-09-18T11:00:00.000Z (America/Santo_Domingo)
[TipoCambioJM] 2026-09-18 USD/JMD=157.9825 guardado desde Bank of Jamaica
[TipoCambioJM] Próxima consulta: 2026-09-18T12:00:00.000Z (America/Jamaica)
[TipoCambioAR] 2026-09-18 USD/ARS=1535 guardado desde Banco de la Nación Argentina
[TipoCambioAR] Próxima consulta: 2026-09-18T13:00:00.000Z (America/Argentina/Buenos_Aires)
[TipoCambioRD] Próxima consulta: 2026-09-18T14:00:00.000Z (America/Santo_Domingo)
[TipoCambioPE] Próxima consulta: 2026-09-18T15:00:00.000Z (America/Lima)
[TipoCambioCO] 2026-09-18 USD/COP=3151.73 guardado desde Superintendencia Financiera de Colombia
[TipoCambioCO] Próxima consulta: 2026-09-18T15:00:00.000Z (America/Bogota)
[TipoCambioJM] 2026-09-18 USD/JMD=157.9825 guardado desde Bank of Jamaica
[TipoCambioJM] Próxima consulta: 2026-09-18T15:00:00.000Z (America/Jamaica)
[TipoCambioNI] Próxima consulta: 2026-09-18T16:00:00.000Z (America/Managua)
[TipoCambioCR] Próxima consulta: 2026-09-18T16:00:00.000Z (America/Costa_Rica)
[TipoCambioAR] Próxima consulta: 2026-09-19T06:00:00.000Z (America/Argentina/Buenos_Aires)
[TipoCambioGT] Próxima consulta: 2026-09-18T16:00:00.000Z (America/Guatemala)
[TipoCambioRD] 2026-09-18 USD/DOP=59.3318 guardado desde Banco Central de la República Dominicana
[TipoCambioRD] Próxima consulta: 2026-09-19T07:00:00.000Z (America/Santo_Domingo)
[TipoCambioPE] Próxima consulta: 2026-09-19T08:00:00.000Z (America/Lima)
[TipoCambioCO] 2026-09-18 USD/COP=3151.73 guardado desde Superintendencia Financiera de Colombia
[TipoCambioCO] Próxima consulta: 2026-09-19T08:00:00.000Z (America/Bogota)
[TipoCambioJM] 2026-09-18 USD/JMD=157.9825 guardado desde Bank of Jamaica
[TipoCambioJM] Próxima consulta: 2026-09-19T08:00:00.000Z (America/Jamaica)
[TipoCambioNI] 2026-09-18 USD/NIO=36.6243 guardado desde Banco Central de Nicaragua
[TipoCambioNI] Próxima consulta: 2026-09-19T09:00:00.000Z (America/Managua)
[TipoCambioGT] 2026-09-18 USD/GTQ=7.62938 guardado desde Banco de Guatemala
[TipoCambioGT] Próxima consulta: 2026-09-19T09:00:00.000Z (America/Guatemala)
[TipoCambioCR] 2026-09-18 USD/CRC=448.32 guardado desde Banco Central de Costa Rica
[TipoCambioCR] Próxima consulta: 2026-09-19T09:00:00.000Z (America/Costa_Rica)
[TipoCambioAR] Próxima consulta: 2026-09-21T06:00:00.000Z (America/Argentina/Buenos_Aires)
[TipoCambioRD] Próxima consulta: 2026-09-21T07:00:00.000Z (America/Santo_Domingo)
[TipoCambioPE] Próxima consulta: 2026-09-21T08:00:00.000Z (America/Lima)
[TipoCambioCO] Próxima consulta: 2026-09-21T08:00:00.000Z (America/Bogota)
[TipoCambioJM] Próxima consulta: 2026-09-21T08:00:00.000Z (America/Jamaica)
[TipoCambioGT] 2026-09-20 USD/GTQ=7.62938 guardado desde Banco de Guatemala
[TipoCambioGT] Próxima consulta: 2026-09-21T09:00:00.000Z (America/Guatemala)
[TipoCambioNI] 2026-09-20 USD/NIO=36.6243 guardado desde Banco Central de Nicaragua
[TipoCambioNI] Próxima consulta: 2026-09-21T09:00:00.000Z (America/Managua)
[TipoCambioCR] 2026-09-20 USD/CRC=449.24 guardado desde Banco Central de Costa Rica
[TipoCambioCR] Próxima consulta: 2026-09-21T09:00:00.000Z (America/Costa_Rica)
