Notificaciones de pagos: envío SMTP desactivado.
Nexo ERP disponible en el puerto 3000
[TipoCambioRD] Próxima consulta: 2026-09-21T07:00:00.000Z (America/Santo_Domingo)
[TipoCambioGT] Próxima consulta: 2026-09-21T09:00:00.000Z (America/Guatemala)
[TipoCambioJM] Próxima consulta: 2026-09-21T08:00:00.000Z (America/Jamaica)
[TipoCambioCO] Próxima consulta: 2026-09-21T08:00:00.000Z (America/Bogota)
[TipoCambioAR] Próxima consulta: 2026-09-21T06:00:00.000Z (America/Argentina/Buenos_Aires)
[TipoCambioNI] Próxima consulta: 2026-09-21T09:00:00.000Z (America/Managua)
[TipoCambioPE] Próxima consulta: 2026-09-21T08:00:00.000Z (America/Lima)
[TipoCambioCR] 2026-09-20 USD/CRC=449.24 guardado desde Banco Central de Costa Rica
[TipoCambioCR] Próxima consulta: 2026-09-21T09:00:00.000Z (America/Costa_Rica)
[TipoCambioPE] Próxima consulta: 2026-09-21T12:00:00.000Z (America/Lima)
[TipoCambioGT] 2026-09-21 USD/GTQ=7.62559 guardado desde Banco de Guatemala
[TipoCambioGT] Próxima consulta: 2026-09-21T13:00:00.000Z (America/Guatemala)
[TipoCambioNI] 2026-09-21 USD/NIO=36.6243 guardado desde Banco Central de Nicaragua
[TipoCambioNI] Próxima consulta: 2026-09-21T13:00:00.000Z (America/Managua)
[TipoCambioCO] 2026-09-21 USD/COP=3192.92 guardado desde Superintendencia Financiera de Colombia
[TipoCambioCO] Próxima consulta: 2026-09-21T12:00:00.000Z (America/Bogota)
[TipoCambioCR] 2026-09-21 USD/CRC=449.24 guardado desde Banco Central de Costa Rica
[TipoCambioCR] Próxima consulta: 2026-09-21T13:00:00.000Z (America/Costa_Rica)
[TipoCambioRD] 2026-09-21 USD/DOP=59.3245 guardado desde Banco Central de la República Dominicana
[TipoCambioRD] Próxima consulta: 2026-09-21T11:00:00.000Z (America/Santo_Domingo)
[TipoCambioAR] 2026-09-21 USD/ARS=1535 guardado desde Banco de la Nación Argentina
[TipoCambioAR] Próxima consulta: 2026-09-21T10:00:00.000Z (America/Argentina/Buenos_Aires)
[TipoCambioJM] 2026-09-21 USD/JMD=157.8516 guardado desde Bank of Jamaica
[TipoCambioJM] Próxima consulta: 2026-09-21T12:00:00.000Z (America/Jamaica)
[TipoCambioAR] 2026-09-21 USD/ARS=1535 guardado desde Banco de la Nación Argentina
[TipoCambioAR] Próxima consulta: 2026-09-21T13:00:00.000Z (America/Argentina/Buenos_Aires)
[TipoCambioRD] Próxima consulta: 2026-09-21T14:00:00.000Z (America/Santo_Domingo)
[TipoCambioPE] Próxima consulta: 2026-09-21T15:00:00.000Z (America/Lima)
[TipoCambioCO] 2026-09-21 USD/COP=3192.92 guardado desde Superintendencia Financiera de Colombia
[TipoCambioCO] Próxima consulta: 2026-09-21T15:00:00.000Z (America/Bogota)
[TipoCambioJM] 2026-09-21 USD/JMD=157.8516 guardado desde Bank of Jamaica
[TipoCambioJM] Próxima consulta: 2026-09-21T15:00:00.000Z (America/Jamaica)
