Notificaciones de pagos: envío SMTP desactivado.
Reportes programados: SMTP desactivado.
Nexo ERP disponible en el puerto 3000
[TipoCambioRD] Próxima consulta: 2026-09-22T14:00:00.000Z (America/Santo_Domingo)
[TipoCambioGT] Próxima consulta: 2026-09-22T13:00:00.000Z (America/Guatemala)
[TipoCambioJM] Próxima consulta: 2026-09-22T12:00:00.000Z (America/Jamaica)
[TipoCambioCO] Próxima consulta: 2026-09-22T12:00:00.000Z (America/Bogota)
[TipoCambioAR] Próxima consulta: 2026-09-22T13:00:00.000Z (America/Argentina/Buenos_Aires)
[TipoCambioNI] Próxima consulta: 2026-09-22T13:00:00.000Z (America/Managua)
[TipoCambioPE] Próxima consulta: 2026-09-22T12:00:00.000Z (America/Lima)
[TipoCambioCR] 2026-09-22 USD/CRC=450 guardado desde Banco Central de Costa Rica
[TipoCambioCR] Próxima consulta: 2026-09-22T13:00:00.000Z (America/Costa_Rica)
[TipoCambioPE] Próxima consulta: 2026-09-22T15:00:00.000Z (America/Lima)
[TipoCambioCO] 2026-09-22 USD/COP=3192.53 guardado desde Superintendencia Financiera de Colombia
[TipoCambioCO] Próxima consulta: 2026-09-22T15:00:00.000Z (America/Bogota)
[TipoCambioJM] 2026-09-22 USD/JMD=158.5766 guardado desde Bank of Jamaica
[TipoCambioJM] Próxima consulta: 2026-09-22T15:00:00.000Z (America/Jamaica)
[TipoCambioGT] 2026-09-22 USD/GTQ=7.6288 guardado desde Banco de Guatemala
[TipoCambioGT] Próxima consulta: 2026-09-22T16:00:00.000Z (America/Guatemala)
[TipoCambioNI] 2026-09-22 USD/NIO=36.6243 guardado desde Banco Central de Nicaragua
[TipoCambioNI] Próxima consulta: 2026-09-22T16:00:00.000Z (America/Managua)
[TipoCambioAR] 2026-09-22 USD/ARS=1535 guardado desde Banco de la Nación Argentina
[TipoCambioAR] Próxima consulta: 2026-09-23T06:00:00.000Z (America/Argentina/Buenos_Aires)
[TipoCambioCR] 2026-09-22 USD/CRC=450 guardado desde Banco Central de Costa Rica
[TipoCambioCR] Próxima consulta: 2026-09-22T16:00:00.000Z (America/Costa_Rica)
[TipoCambioRD] 2026-09-22 USD/DOP=59.4618 guardado desde Banco Central de la República Dominicana
[TipoCambioRD] Próxima consulta: 2026-09-23T07:00:00.000Z (America/Santo_Domingo)
[TipoCambioPE] Próxima consulta: 2026-09-23T08:00:00.000Z (America/Lima)
[TipoCambioCO] 2026-09-22 USD/COP=3192.53 guardado desde Superintendencia Financiera de Colombia
[TipoCambioCO] Próxima consulta: 2026-09-23T08:00:00.000Z (America/Bogota)
[TipoCambioJM] 2026-09-22 USD/JMD=158.5766 guardado desde Bank of Jamaica
[TipoCambioJM] Próxima consulta: 2026-09-23T08:00:00.000Z (America/Jamaica)
[TipoCambioGT] 2026-09-22 USD/GTQ=7.6288 guardado desde Banco de Guatemala
[TipoCambioGT] Próxima consulta: 2026-09-23T09:00:00.000Z (America/Guatemala)
[TipoCambioCR] 2026-09-22 USD/CRC=450 guardado desde Banco Central de Costa Rica
[TipoCambioCR] Próxima consulta: 2026-09-23T09:00:00.000Z (America/Costa_Rica)
[TipoCambioNI] 2026-09-22 USD/NIO=36.6243 guardado desde Banco Central de Nicaragua
[TipoCambioNI] Próxima consulta: 2026-09-23T09:00:00.000Z (America/Managua)
